
[1m[46m RUN [49m[22m [36mv4.0.8 [39m[90mC:/Users/Raulacate/Desktop/Proyectos programacion/Dentiagest/frontend[39m

[90mstdout[2m | tests/billing.integration.test.ts
[22m[39m

================================================================================
­ƒÆ│­ƒÆÇ BILLING ROBOT ARMY - FOUR-GATE PATTERN VERIFICATION
================================================================================
Target: 4/4 tests (100% Four-Gate compliance)

PART 1: Smoke Test
  Ô£à TEST 1: Database connectivity

PART 2: Four-Gate Pattern E2E
  Ô£à TEST 2: createPaymentPlan (Gate 3 + Gate 4)
  Ô£à TEST 3: recordPartialPayment (Atomic Transaction + Double Audit)
  Ô£à TEST 4: generateReceipt (Veritas Signature + Audit)

Legal Note: La ley dice que debemos TENER audit-logger.
            Nosotros lo hacemos funcionar de puta madre.

ÔÇö PunkClaude 4.5, QA Despiadado
================================================================================

[90mstdout[2m | tests/billing.integration.test.ts
[22m[39m
­ƒÅù´©Å GLOBAL SETUP: Creating dummy test patients...


[90mstdout[2m | tests/billing.integration.test.ts
[22m[39mÔ£à Created test patient: Robot TestPatient1 (ID: a37782f4-8990-4785-aaf4-0c19d373569c)

[90mstdout[2m | tests/billing.integration.test.ts
[22m[39mÔ£à Created test patient: Robot TestPatient2 (ID: d28bacd8-384a-4390-8f0b-7e8f9df4c476)

[90mstdout[2m | tests/billing.integration.test.ts
[22m[39mÔ£à Created test patient: Robot TestPatient3 (ID: 4a5483bf-3f7b-42a6-a6ba-e2f04fbc86a0)

[90mstdout[2m | tests/billing.integration.test.ts
[22m[39mÔ£à Created test patient: Robot TestPatient4 (ID: fc4701c8-a393-4a43-987a-318ae81c2e27)

Ô£à SETUP COMPLETE: 4 test patients ready


[90mstdout[2m | tests/billing.integration.test.ts[2m > [22m[2m­ƒöÑ PART 1: Smoke Test - Database Connectivity[2m > [22m[2mTEST 1: should connect to GraphQL server without network errors
[22m[39m
­ƒº¬ TEST 1: Smoke test - GraphQL endpoint connectivity

[90mstdout[2m | tests/billing.integration.test.ts[2m > [22m[2m­ƒöÑ PART 1: Smoke Test - Database Connectivity[2m > [22m[2mTEST 1: should connect to GraphQL server without network errors
[22m[39mÔ£à GraphQL server connected on port 8005
Ô£à getPaymentPlans returned array of 4 plans

[90mstdout[2m | tests/billing.integration.test.ts[2m > [22m[2m­ƒÆ│ PART 2: Four-Gate Pattern E2E - createPaymentPlan
[22m[39m
­ƒÅù´©Å TEST 2 Setup: Using test patient: a37782f4-8990-4785-aaf4-0c19d373569c

[90mstdout[2m | tests/billing.integration.test.ts[2m > [22m[2m­ƒÆ│ PART 2: Four-Gate Pattern E2E - createPaymentPlan
[22m[39m
­ƒÅù´©Å Setup: Created test billing_data: a83df605-56fb-49be-9973-14a3f49b73ec

[90mstdout[2m | tests/billing.integration.test.ts[2m > [22m[2m­ƒÆ│ PART 2: Four-Gate Pattern E2E - createPaymentPlan[2m > [22m[2mTEST 2: createPaymentPlan - Gate 3 (payment_plans) + Gate 4 (audit log)
[22m[39m
­ƒº¬ TEST 2: Four-Gate Pattern - createPaymentPlan

[90mstdout[2m | tests/billing.integration.test.ts[2m > [22m[2m­ƒÆ│ PART 2: Four-Gate Pattern E2E - createPaymentPlan[2m > [22m[2mTEST 2: createPaymentPlan - Gate 3 (payment_plans) + Gate 4 (audit log)
[22m[39mÔ£à Mutation executed - Plan ID: 0924ff8c-a55e-4d68-b904-24b3aca5f89c

­ƒÜ¬ GATE 3: Verifying payment_plans table...
Ô£à Gate 3 PASSED: payment_plans record exists

­ƒÜ¬ GATE 4: Verifying data_audit_logs...

 [32mÔ£ô[39m tests/billing.integration.test.ts[2m > [22m­ƒöÑ PART 1: Smoke Test - Database Connectivity[2m > [22mTEST 1: should connect to GraphQL server without network errors[32m 20[2mms[22m[39m
node.exe : [90mstderr[2m | tests/billing.integration.test.ts[2m > [22m[2mƒÆ│ PART 2: Four-Gate Pattern E2E - 
createPaymentPlan[2m > [22m[2mTEST 2: createPaymentPlan - Gate 3 (payment_plans) + Gate 4 (audit log)
En línea: 1 Carácter: 1
+ & "C:\Program Files\nodejs/node.exe" "C:\Program Files\nodejs/node_mo ...
+ ~~~~~~~~~~~~~~~~~~~~~~~~~~~~~~~~~~~~~~~~~~~~~~~~~~~~~~~~~~~~~~~~~~~~~
    + CategoryInfo          : NotSpecified: ([90mstderr[2m...e 4 (audit log):String) [], RemoteException
    + FullyQualifiedErrorId : NativeCommandError
 
[22m[39mGraphQL Query Error: ClientError: AuditDatabase not initialized in context: 
{"response":{"data":null,"errors":[{"message":"AuditDatabase not initialized in context","locations":[{"line":3,"column":5}
],"path":["auditTrail"],"extensions":{"code":"INTERNAL_SERVER_ERROR","stacktrace":["Error: AuditDatabase not initialized 
in context","    at Object.auditTrail (file:///C:/Users/Raulacate/Desktop/Proyectos%20programacion/Dentiagest/selene/dist/s
rc/graphql/resolvers/Query/audit.js:54:23)","    at field.resolve (file:///C:/Users/Raulacate/Desktop/Proyectos%20programac
ion/Dentiagest/selene/node_modules/@apollo/server/dist/esm/utils/schemaInstrumentation.js:36:28)","    at executeField 
(C:\\Users\\Raulacate\\Desktop\\Proyectos 
programacion\\Dentiagest\\selene\\node_modules\\graphql\\execution\\execute.js:500:20)","    at executeFields 
(C:\\Users\\Raulacate\\Desktop\\Proyectos 
programacion\\Dentiagest\\selene\\node_modules\\graphql\\execution\\execute.js:422:22)","    at executeOperation 
(C:\\Users\\Raulacate\\Desktop\\Proyectos 
programacion\\Dentiagest\\selene\\node_modules\\graphql\\execution\\execute.js:352:14)","    at execute 
(C:\\Users\\Raulacate\\Desktop\\Proyectos 
programacion\\Dentiagest\\selene\\node_modules\\graphql\\execution\\execute.js:136:20)","    at executeIncrementally (file:
///C:/Users/Raulacate/Desktop/Proyectos%20programacion/Dentiagest/selene/node_modules/@apollo/server/dist/esm/incrementalDe
liveryPolyfill.js:22:12)","    at processTicksAndRejections (node:internal/process/task_queues:105:5)","    at execute (fil
e:///C:/Users/Raulacate/Desktop/Proyectos%20programacion/Dentiagest/selene/node_modules/@apollo/server/dist/esm/requestPipe
line.js:232:37)","    at processGraphQLRequest (file:///C:/Users/Raulacate/Desktop/Proyectos%20programacion/Dentiagest/sele
ne/node_modules/@apollo/server/dist/esm/requestPipeline.js:161:32)"]}}],"status":200,"headers":{}},"request":{"query":"\n  
query GetAuditTrail($entityType: String!, $entityId: String!, $limit: Int) {\n    auditTrail(entityType: $entityType, 
entityId: $entityId, limit: $limit) {\n      entityType\n      entityId\n      firstMutation {\n        id\n        
operation\n        timestamp\n      }\n      lastMutation {\n        id\n        operation\n        timestamp\n      }\n   
   history {\n        id\n        entityType\n        entityId\n        operation\n        userId\n        oldValues\n     
   newValues\n        timestamp\n      }\n    }\n  
}\n","variables":{"entityType":"PaymentPlanV3","entityId":"0924ff8c-a55e-4d68-b904-24b3aca5f89c","limit":100}}}
    at runRequest [90m(file:///C:/Users/Raulacate/Desktop/Proyectos%20programacion/Dentiagest/frontend/[39mnode_modules/
[4mgraphql-request[24m/build/legacy/helpers/runRequest.js:58:16[90m)[39m
[90m    at processTicksAndRejections (node:internal/process/task_queues:105:5)[39m
    at GraphQLClient.request [90m(file:///C:/Users/Raulacate/Desktop/Proyectos%20programacion/Dentiagest/frontend/[39mnod
e_modules/[4mgraphql-request[24m/build/legacy/classes/GraphQLClient.js:66:26[90m)[39m
    at queryDatabase (C:/Users/Raulacate/Desktop/Proyectos 
programacion/Dentiagest/frontend/tests/billing.integration.test.ts:308:12)
    at verifyAuditLog (C:/Users/Raulacate/Desktop/Proyectos 
programacion/Dentiagest/frontend/tests/billing.integration.test.ts:327:25)
    at C:/Users/Raulacate/Desktop/Proyectos programacion/Dentiagest/frontend/tests/billing.integration.test.ts:491:28
    at [90mfile:///C:/Users/Raulacate/Desktop/Proyectos%20programacion/Dentiagest/frontend/[39mnode_modules/[4m@vitest/r
unner[24m/dist/index.js:753:20 {
  response: {
    data: [1mnull[22m,
    errors: [ [36m[Object][39m ],
    extensions: [90mundefined[39m,
    status: [33m200[39m,
    headers: Headers {
      [32m'content-security-policy'[39m: [32m"default-src 'self';base-uri 'self';font-src 'self' https: 
data:;form-action 'self';frame-ancestors 'self';img-src 'self' data:;object-src 'none';script-src 'self';script-src-attr 
'none';style-src 'self' https: 'unsafe-inline';upgrade-insecure-requests"[39m,
      [32m'cross-origin-opener-policy'[39m: [32m'same-origin'[39m,
      [32m'cross-origin-resource-policy'[39m: [32m'cross-origin'[39m,
      [32m'origin-agent-cluster'[39m: [32m'?1'[39m,
      [32m'referrer-policy'[39m: [32m'no-referrer'[39m,
      [32m'strict-transport-security'[39m: [32m'max-age=15552000; includeSubDomains'[39m,
      [32m'x-content-type-options'[39m: [32m'nosniff'[39m,
      [32m'x-dns-prefetch-control'[39m: [32m'off'[39m,
      [32m'x-download-options'[39m: [32m'noopen'[39m,
      [32m'x-frame-options'[39m: [32m'SAMEORIGIN'[39m,
      [32m'x-permitted-cross-domain-policies'[39m: [32m'none'[39m,
      [32m'x-xss-protection'[39m: [32m'0'[39m,
      vary: [32m'Origin, Accept-Encoding'[39m,
      [32m'access-control-allow-credentials'[39m: [32m'true'[39m,
      [32m'cache-control'[39m: [32m'no-store'[39m,
      [32m'content-type'[39m: [32m'application/graphql-response+json; charset=utf-8'[39m,
      etag: [32m'W/"6f4-siIAyuWAO2kXTS5lPMRjjzA8TOU"'[39m,
      [32m'content-encoding'[39m: [32m'gzip'[39m,
      date: [32m'Thu, 13 Nov 2025 04:32:53 GMT'[39m,
      connection: [32m'keep-alive'[39m,
      [32m'keep-alive'[39m: [32m'timeout=5'[39m,
      [32m'transfer-encoding'[39m: [32m'chunked'[39m
    }
  },
  request: {
    query: [32m'\n'[39m +
      [32m'  query GetAuditTrail($entityType: String!, $entityId: String!, $limit: Int) {\n'[39m +
      [32m'    auditTrail(entityType: $entityType, entityId: $entityId, limit: $limit) {\n'[39m +
      [32m'      entityType\n'[39m +
      [32m'      entityId\n'[39m +
      [32m'      firstMutation {\n'[39m +
      [32m'        id\n'[39m +
      [32m'        operation\n'[39m +
      [32m'        timestamp\n'[39m +
      [32m'      }\n'[39m +
      [32m'      lastMutation {\n'[39m +
      [32m'        id\n'[39m +
      [32m'        operation\n'[39m +
      [32m'        timestamp\n'[39m +
      [32m'      }\n'[39m +
      [32m'      history {\n'[39m +
      [32m'        id\n'[39m +
      [32m'        entityType\n'[39m +
      [32m'        entityId\n'[39m +
      [32m'        operation\n'[39m +
      [32m'        userId\n'[39m +
      [32m'        oldValues\n'[39m +
      [32m'        newValues\n'[39m +
      [32m'        timestamp\n'[39m +
      [32m'      }\n'[39m +
      [32m'    }\n'[39m +
      [32m'  }\n'[39m,
    variables: {
      entityType: [32m'PaymentPlanV3'[39m,
      entityId: [32m'0924ff8c-a55e-4d68-b904-24b3aca5f89c'[39m,
      limit: [33m100[39m
    }
  }
}

[90mstdout[2m | tests/billing.integration.test.ts[2m > [22m[2m­ƒÆ░ PART 2: Four-Gate Pattern E2E - recordPartialPayment
[22m[39m
­ƒÅù´©Å TEST 3 Setup: Using test patient: d28bacd8-384a-4390-8f0b-7e8f9df4c476

[90mstdout[2m | tests/billing.integration.test.ts[2m > [22m[2m­ƒÆ░ PART 2: Four-Gate Pattern E2E - recordPartialPayment
[22m[39m
­ƒÅù´©Å Setup: Created test billing_data (1000Ôé¼): 1c9ede1b-0450-4878-879a-8b44253dba64

[90mstdout[2m | tests/billing.integration.test.ts[2m > [22m[2m­ƒÆ░ PART 2: Four-Gate Pattern E2E - recordPartialPayment[2m > [22m[2mTEST 3: recordPartialPayment - Atomic Transaction + Double Audit
[22m[39m
­ƒº¬ TEST 3: Four-Gate Pattern - recordPartialPayment (ATOMIC)

[90mstderr[2m | tests/billing.integration.test.ts[2m > [22m[2mƒÆ░ PART 2: Four-Gate Pattern E2E - 
recordPartialPayment[2m > [22m[2mTEST 3: recordPartialPayment - Atomic Transaction + Double Audit
[22m[39mGraphQL Query Error: ClientError: Fall├│ el registro del pago (transacci├│n revertida): para el par├ímetro $1 se 
dedujeron tipos de dato inconsistentes: {"response":{"data":null,"errors":[{"message":"Fall├│ el registro del pago 
(transacci├│n revertida): para el par├ímetro $1 se dedujeron tipos de dato inconsistentes","locations":[{"line":3,"column":
5}],"path":["recordPartialPayment"],"extensions":{"code":"INTERNAL_SERVER_ERROR","stacktrace":["Error: Fall├│ el registro 
del pago (transacci├│n revertida): para el par├ímetro $1 se dedujeron tipos de dato inconsistentes","    at 
BillingDatabase.recordPartialPayment (file:///C:/Users/Raulacate/Desktop/Proyectos%20programacion/Dentiagest/selene/dist/sr
c/core/database/BillingDatabase.js:358:19)","    at processTicksAndRejections (node:internal/process/task_queues:105:5)"," 
   at Object.recordPartialPayment (file:///C:/Users/Raulacate/Desktop/Proyectos%20programacion/Dentiagest/selene/dist/src/g
raphql/resolvers/Mutation/billing.js:342:48)"]}}],"status":200,"headers":{}},"request":{"query":"\n  mutation 
RecordPartialPayment($input: RecordPartialPaymentInput!) {\n    recordPartialPayment(input: $input) {\n      id\n      
invoiceId\n      patientId\n      paymentPlanId\n      amount\n      currency\n      methodType\n      status\n      
veritasSignature\n      processedAt\n      createdAt\n      updatedAt\n    }\n  }\n","variables":{"input":{"invoiceId":"1c9
ede1b-0450-4878-879a-8b44253dba64","patientId":"d28bacd8-384a-4390-8f0b-7e8f9df4c476","amount":400,"currency":"EUR","method
Type":"card","transactionId":"TEST-TXN-1763008373415"}}}}
    at runRequest [90m(file:///C:/Users/Raulacate/Desktop/Proyectos%20programacion/Dentiagest/frontend/[39mnode_modules/
[4mgraphql-request[24m/build/legacy/helpers/runRequest.js:58:16[90m)[39m
[90m    at processTicksAndRejections (node:internal/process/task_queues:105:5)[39m
    at GraphQLClient.request [90m(file:///C:/Users/Raulacate/Desktop/Proyectos%20programacion/Dentiagest/frontend/[39mnod
e_modules/[4mgraphql-request[24m/build/legacy/classes/GraphQLClient.js:66:26[90m)[39m
    at queryDatabase (C:/Users/Raulacate/Desktop/Proyectos 
programacion/Dentiagest/frontend/tests/billing.integration.test.ts:308:12)
    at C:/Users/Raulacate/Desktop/Proyectos programacion/Dentiagest/frontend/tests/billing.integration.test.ts:540:25
    at [90mfile:///C:/Users/Raulacate/Desktop/Proyectos%20programacion/Dentiagest/frontend/[39mnode_modules/[4m@vitest/r
unner[24m/dist/index.js:753:20 {
  response: {
    data: [1mnull[22m,
    errors: [ [36m[Object][39m ],
    extensions: [90mundefined[39m,
    status: [33m200[39m,
    headers: Headers {
      [32m'content-security-policy'[39m: [32m"default-src 'self';base-uri 'self';font-src 'self' https: 
data:;form-action 'self';frame-ancestors 'self';img-src 'self' data:;object-src 'none';script-src 'self';script-src-attr 
'none';style-src 'self' https: 'unsafe-inline';upgrade-insecure-requests"[39m,
      [32m'cross-origin-opener-policy'[39m: [32m'same-origin'[39m,
      [32m'cross-origin-resource-policy'[39m: [32m'cross-origin'[39m,
      [32m'origin-agent-cluster'[39m: [32m'?1'[39m,
      [32m'referrer-policy'[39m: [32m'no-referrer'[39m,
      [32m'strict-transport-security'[39m: [32m'max-age=15552000; includeSubDomains'[39m,
      [32m'x-content-type-options'[39m: [32m'nosniff'[39m,
      [32m'x-dns-prefetch-control'[39m: [32m'off'[39m,
      [32m'x-download-options'[39m: [32m'noopen'[39m,
      [32m'x-frame-options'[39m: [32m'SAMEORIGIN'[39m,
      [32m'x-permitted-cross-domain-policies'[39m: [32m'none'[39m,
      [32m'x-xss-protection'[39m: [32m'0'[39m,
      vary: [32m'Origin, Accept-Encoding'[39m,
      [32m'access-control-allow-credentials'[39m: [32m'true'[39m,
      [32m'cache-control'[39m: [32m'no-store'[39m,
      [32m'content-type'[39m: [32m'application/graphql-response+json; charset=utf-8'[39m,
      [32m'content-length'[39m: [32m'836'[39m,
      etag: [32m'W/"344-Ub1ldPLlqDWKqmkKf8P0fc5qTpU"'[39m,
      date: [32m'Thu, 13 Nov 2025 04:32:53 GMT'[39m,
      connection: [32m'keep-alive'[39m,
      [32m'keep-alive'[39m: [32m'timeout=5'[39m
    }
  },
  request: {
    query: [32m'\n'[39m +
      [32m'  mutation RecordPartialPayment($input: RecordPartialPaymentInput!) {\n'[39m +
      [32m'    recordPartialPayment(input: $input) {\n'[39m +
      [32m'      id\n'[39m +
      [32m'      invoiceId\n'[39m +
      [32m'      patientId\n'[39m +
      [32m'      paymentPlanId\n'[39m +
      [32m'      amount\n'[39m +
      [32m'      currency\n'[39m +
      [32m'      methodType\n'[39m +
      [32m'      status\n'[39m +
      [32m'      veritasSignature\n'[39m +
      [32m'      processedAt\n'[39m +
      [32m'      createdAt\n'[39m +
      [32m'      updatedAt\n'[39m +
      [32m'    }\n'[39m +
      [32m'  }\n'[39m,
    variables: { input: [36m[Object][39m }
  }
}

[90mstdout[2m | tests/billing.integration.test.ts[2m > [22m[2m­ƒº¥ PART 2: Four-Gate Pattern E2E - generateReceipt
[22m[39m
­ƒÅù´©Å TEST 4 Setup: Using test patient: 4a5483bf-3f7b-42a6-a6ba-e2f04fbc86a0

[90mstderr[2m | tests/billing.integration.test.ts[2m > [22m[2m­ƒº¥ PART 2: Four-Gate Pattern E2E - generateReceipt
[22m[39mGraphQL Query Error: ClientError: Fall├│ el registro del pago (transacci├│n revertida): para el par├ímetro $1 se 
dedujeron tipos de dato inconsistentes: {"response":{"data":null,"errors":[{"message":"Fall├│ el registro del pago 
(transacci├│n revertida): para el par├ímetro $1 se dedujeron tipos de dato inconsistentes","locations":[{"line":3,"column":
5}],"path":["recordPartialPayment"],"extensions":{"code":"INTERNAL_SERVER_ERROR","stacktrace":["Error: Fall├│ el registro 
del pago (transacci├│n revertida): para el par├ímetro $1 se dedujeron tipos de dato inconsistentes","    at 
BillingDatabase.recordPartialPayment (file:///C:/Users/Raulacate/Desktop/Proyectos%20programacion/Dentiagest/selene/dist/sr
c/core/database/BillingDatabase.js:358:19)","    at processTicksAndRejections (node:internal/process/task_queues:105:5)"," 
   at Object.recordPartialPayment (file:///C:/Users/Raulacate/Desktop/Proyectos%20programacion/Dentiagest/selene/dist/src/g
raphql/resolvers/Mutation/billing.js:342:48)"]}}],"status":200,"headers":{}},"request":{"query":"\n  mutation 
RecordPartialPayment($input: RecordPartialPaymentInput!) {\n    recordPartialPayment(input: $input) {\n      id\n      
invoiceId\n      patientId\n      paymentPlanId\n      amount\n      currency\n      methodType\n      status\n      
veritasSignature\n      processedAt\n      createdAt\n      updatedAt\n    }\n  }\n","variables":{"input":{"invoiceId":"2ea
3be48-3982-4042-adeb-e4a3c3c17c0f","patientId":"4a5483bf-3f7b-42a6-a6ba-e2f04fbc86a0","amount":500,"currency":"EUR","method
Type":"cash","transactionId":"TEST-TXN-1763008373444"}}}}
    at runRequest [90m(file:///C:/Users/Raulacate/Desktop/Proyectos%20programacion/Dentiagest/frontend/[39mnode_modules/
[4mgraphql-request[24m/build/legacy/helpers/runRequest.js:58:16[90m)[39m
[90m    at processTicksAndRejections (node:internal/process/task_queues:105:5)[39m
    at GraphQLClient.request [90m(file:///C:/Users/Raulacate/Desktop/Proyectos%20programacion/Dentiagest/frontend/[39mnod
e_modules/[4mgraphql-request[24m/build/legacy/classes/GraphQLClient.js:66:26[90m)[39m
    at queryDatabase (C:/Users/Raulacate/Desktop/Proyectos 
programacion/Dentiagest/frontend/tests/billing.integration.test.ts:308:12)
    at C:/Users/Raulacate/Desktop/Proyectos programacion/Dentiagest/frontend/tests/billing.integration.test.ts:631:32 {
  response: {
    data: [1mnull[22m,
    errors: [ [36m[Object][39m ],
    extensions: [90mundefined[39m,
    status: [33m200[39m,
    headers: Headers {
      [32m'content-security-policy'[39m: [32m"default-src 'self';base-uri 'self';font-src 'self' https: 
data:;form-action 'self';frame-ancestors 'self';img-src 'self' data:;object-src 'none';script-src 'self';script-src-attr 
'none';style-src 'self' https: 'unsafe-inline';upgrade-insecure-requests"[39m,
      [32m'cross-origin-opener-policy'[39m: [32m'same-origin'[39m,
      [32m'cross-origin-resource-policy'[39m: [32m'cross-origin'[39m,
      [32m'origin-agent-cluster'[39m: [32m'?1'[39m,
      [32m'referrer-policy'[39m: [32m'no-referrer'[39m,
      [32m'strict-transport-security'[39m: [32m'max-age=15552000; includeSubDomains'[39m,
      [32m'x-content-type-options'[39m: [32m'nosniff'[39m,
      [32m'x-dns-prefetch-control'[39m: [32m'off'[39m,
      [32m'x-download-options'[39m: [32m'noopen'[39m,
      [32m'x-frame-options'[39m: [32m'SAMEORIGIN'[39m,
      [32m'x-permitted-cross-domain-policies'[39m: [32m'none'[39m,
      [32m'x-xss-protection'[39m: [32m'0'[39m,
      vary: [32m'Origin, Accept-Encoding'[39m,
      [32m'access-control-allow-credentials'[39m: [32m'true'[39m,
      [32m'cache-control'[39m: [32m'no-store'[39m,
      [32m'content-type'[39m: [32m'application/graphql-response+json; charset=utf-8'[39m,
      [32m'content-length'[39m: [32m'836'[39m,
      etag: [32m'W/"344-Ub1ldPLlqDWKqmkKf8P0fc5qTpU"'[39m,
      date: [32m'Thu, 13 Nov 2025 04:32:53 GMT'[39m,
      connection: [32m'keep-alive'[39m,
      [32m'keep-alive'[39m: [32m'timeout=5'[39m
    }
  },
  request: {
    query: [32m'\n'[39m +
      [32m'  mutation RecordPartialPayment($input: RecordPartialPaymentInput!) {\n'[39m +
      [32m'    recordPartialPayment(input: $input) {\n'[39m +
      [32m'      id\n'[39m +
      [32m'      invoiceId\n'[39m +
      [32m'      patientId\n'[39m +
      [32m'      paymentPlanId\n'[39m +
      [32m'      amount\n'[39m +
      [32m'      currency\n'[39m +
      [32m'      methodType\n'[39m +
      [32m'      status\n'[39m +
      [32m'      veritasSignature\n'[39m +
      [32m'      processedAt\n'[39m +
      [32m'      createdAt\n'[39m +
      [32m'      updatedAt\n'[39m +
      [32m'    }\n'[39m +
      [32m'  }\n'[39m,
    variables: { input: [36m[Object][39m }
  }
}

 [31m├ù[39m tests/billing.integration.test.ts[2m > [22m­ƒÆ│ PART 2: Four-Gate Pattern E2E - createPaymentPlan[2m > [22mTEST 2: createPaymentPlan - Gate 3 (payment_plans) + Gate 4 (audit log)[33m 1042[2mms[22m[39m
[31m   ÔåÆ AuditDatabase not initialized in context: {"response":{"data":null,"errors":[{"message":"AuditDatabase not initialized in context","locations":[{"line":3,"column":5}],"path":["auditTrail"],"extensions":{"code":"INTERNAL_SERVER_ERROR","stacktrace":["Error: AuditDatabase not initialized in context","    at Object.auditTrail (file:///C:/Users/Raulacate/Desktop/Proyectos%20programacion/Dentiagest/selene/dist/src/graphql/resolvers/Query/audit.js:54:23)","    at field.resolve (file:///C:/Users/Raulacate/Desktop/Proyectos%20programacion/Dentiagest/selene/node_modules/@apollo/server/dist/esm/utils/schemaInstrumentation.js:36:28)","    at executeField (C:\\Users\\Raulacate\\Desktop\\Proyectos programacion\\Dentiagest\\selene\\node_modules\\graphql\\execution\\execute.js:500:20)","    at executeFields (C:\\Users\\Raulacate\\Desktop\\Proyectos programacion\\Dentiagest\\selene\\node_modules\\graphql\\execution\\execute.js:422:22)","    at executeOperation (C:\\Users\\Raulacate\\Desktop\\Proyectos programacion\\Dentiagest\\selene\\node_modules\\graphql\\execution\\execute.js:352:14)","    at execute (C:\\Users\\Raulacate\\Desktop\\Proyectos programacion\\Dentiagest\\selene\\node_modules\\graphql\\execution\\execute.js:136:20)","    at executeIncrementally (file:///C:/Users/Raulacate/Desktop/Proyectos%20programacion/Dentiagest/selene/node_modules/@apollo/server/dist/esm/incrementalDeliveryPolyfill.js:22:12)","    at processTicksAndRejections (node:internal/process/task_queues:105:5)","    at execute (file:///C:/Users/Raulacate/Desktop/Proyectos%20programacion/Dentiagest/selene/node_modules/@apollo/server/dist/esm/requestPipeline.js:232:37)","    at processGraphQLRequest (file:///C:/Users/Raulacate/Desktop/Proyectos%20programacion/Dentiagest/selene/node_modules/@apollo/server/dist/esm/requestPipeline.js:161:32)"]}}],"status":200,"headers":{}},"request":{"query":"\n  query GetAuditTrail($entityType: String!, $entityId: String!, $limit: Int) {\n    auditTrail(entityType: $entityType, entityId: $entityId, limit: $limit) {\n      entityType\n      entityId\n      firstMutation {\n        id\n        operation\n        timestamp\n      }\n      lastMutation {\n        id\n        operation\n        timestamp\n      }\n      history {\n        id\n        entityType\n        entityId\n        operation\n        userId\n        oldValues\n        newValues\n        timestamp\n      }\n    }\n  }\n","variables":{"entityType":"PaymentPlanV3","entityId":"0924ff8c-a55e-4d68-b904-24b3aca5f89c","limit":100}}}[39m
 [31m├ù[39m tests/billing.integration.test.ts[2m > [22m­ƒÆ░ PART 2: Four-Gate Pattern E2E - recordPartialPayment[2m > [22mTEST 3: recordPartialPayment - Atomic Transaction + Double Audit[32m 20[2mms[22m[39m
[31m   ÔåÆ Fall├│ el registro del pago (transacci├│n revertida): para el par├ímetro $1 se dedujeron tipos de dato inconsistentes: {"response":{"data":null,"errors":[{"message":"Fall├│ el registro del pago (transacci├│n revertida): para el par├ímetro $1 se dedujeron tipos de dato inconsistentes","locations":[{"line":3,"column":5}],"path":["recordPartialPayment"],"extensions":{"code":"INTERNAL_SERVER_ERROR","stacktrace":["Error: Fall├│ el registro del pago (transacci├│n revertida): para el par├ímetro $1 se dedujeron tipos de dato inconsistentes","    at BillingDatabase.recordPartialPayment (file:///C:/Users/Raulacate/Desktop/Proyectos%20programacion/Dentiagest/selene/dist/src/core/database/BillingDatabase.js:358:19)","    at processTicksAndRejections (node:internal/process/task_queues:105:5)","    at Object.recordPartialPayment (file:///C:/Users/Raulacate/Desktop/Proyectos%20programacion/Dentiagest/selene/dist/src/graphql/resolvers/Mutation/billing.js:342:48)"]}}],"status":200,"headers":{}},"request":{"query":"\n  mutation RecordPartialPayment($input: RecordPartialPaymentInput!) {\n    recordPartialPayment(input: $input) {\n      id\n      invoiceId\n      patientId\n      paymentPlanId\n      amount\n      currency\n      methodType\n      status\n      veritasSignature\n      processedAt\n      createdAt\n      updatedAt\n    }\n  }\n","variables":{"input":{"invoiceId":"1c9ede1b-0450-4878-879a-8b44253dba64","patientId":"d28bacd8-384a-4390-8f0b-7e8f9df4c476","amount":400,"currency":"EUR","methodType":"card","transactionId":"TEST-TXN-1763008373415"}}}}[39m
 [2m[90mÔåô[39m[22m tests/billing.integration.test.ts[2m > [22m­ƒº¥ PART 2: Four-Gate Pattern E2E - generateReceipt[2m > [22mTEST 4: generateReceipt - Gate 3 (Veritas Signature) + Gate 4 (audit log)

[31mÔÄ»ÔÄ»ÔÄ»ÔÄ»ÔÄ»ÔÄ»[39m[1m[41m Failed Suites 1 [49m[22m[31mÔÄ»ÔÄ»ÔÄ»ÔÄ»ÔÄ»ÔÄ»ÔÄ»[39m

[41m[1m FAIL [22m[49m tests/billing.integration.test.ts[2m > [22m­ƒº¥ PART 2: Four-Gate Pattern E2E - generateReceipt
[31m[1mError[22m: Fall├│ el registro del pago (transacci├│n revertida): para el par├ímetro $1 se dedujeron tipos de 
dato inconsistentes: {"response":{"data":null,"errors":[{"message":"Fall├│ el registro del pago (transacci├│n revertida): 
para el par├ímetro $1 se dedujeron tipos de dato inconsistentes","locations":[{"line":3,"column":5}],"path":["recordPartial
Payment"],"extensions":{"code":"INTERNAL_SERVER_ERROR","stacktrace":["Error: Fall├│ el registro del pago (transacci├│n 
revertida): para el par├ímetro $1 se dedujeron tipos de dato inconsistentes","    at BillingDatabase.recordPartialPayment (
file:///C:/Users/Raulacate/Desktop/Proyectos%20programacion/Dentiagest/selene/dist/src/core/database/BillingDatabase.js:358
:19)","    at processTicksAndRejections (node:internal/process/task_queues:105:5)","    at Object.recordPartialPayment (fil
e:///C:/Users/Raulacate/Desktop/Proyectos%20programacion/Dentiagest/selene/dist/src/graphql/resolvers/Mutation/billing.js:3
42:48)"]}}],"status":200,"headers":{}},"request":{"query":"\n  mutation RecordPartialPayment($input: 
RecordPartialPaymentInput!) {\n    recordPartialPayment(input: $input) {\n      id\n      invoiceId\n      patientId\n     
 paymentPlanId\n      amount\n      currency\n      methodType\n      status\n      veritasSignature\n      processedAt\n  
    createdAt\n      updatedAt\n    }\n  }\n","variables":{"input":{"invoiceId":"2ea3be48-3982-4042-adeb-e4a3c3c17c0f","pat
ientId":"4a5483bf-3f7b-42a6-a6ba-e2f04fbc86a0","amount":500,"currency":"EUR","methodType":"cash","transactionId":"TEST-TXN-
1763008373444"}}}}[39m
[90m [2mÔØ»[22m runRequest ../../../Proyectos%20programacion/Dentiagest/frontend/node_modules/graphql-request/build/lega
cy/helpers/runRequest.js:[2m58:16[22m[39m
[90m [2mÔØ»[22m GraphQLClient.request ../../../Proyectos%20programacion/Dentiagest/frontend/node_modules/graphql-request
/build/legacy/classes/GraphQLClient.js:[2m66:26[22m[39m
[36m [2mÔØ»[22m queryDatabase tests/billing.integration.test.ts:[2m308:12[22m[39m
    [90m306| [39m[35masync[39m [35mfunction[39m [34mqueryDatabase[39m(query[33m:[39m string[33m,[39m 
variables[33m?[39m[33m:[39m any) {
    [90m307| [39m  [35mtry[39m {
    [90m308| [39m    [35mreturn[39m [35mawait[39m client[33m.[39m[34mrequest[39m(query[33m,[39m 
variables)[33m;[39m
    [90m   | [39m           [31m^[39m
    [90m309| [39m  } [35mcatch[39m (error) {
    [90m310| [39m    console[33m.[39m[34merror[39m([32m'GraphQL Query Error:'[39m[33m,[39m error)[33m;[39m
[90m [2mÔØ»[22m tests/billing.integration.test.ts:[2m631:32[22m[39m

[31m[2mÔÄ»ÔÄ»ÔÄ»ÔÄ»ÔÄ»ÔÄ»ÔÄ»ÔÄ»ÔÄ»ÔÄ»ÔÄ»ÔÄ»ÔÄ»ÔÄ»ÔÄ»ÔÄ»ÔÄ»ÔÄ»ÔÄ»ÔÄ»ÔÄ»ÔÄ»ÔÄ»ÔÄ»ÔÄ»ÔÄ»ÔÄ»ÔÄ»ÔÄ»ÔÄ»[22m[39m
[31m[1mSerialized Error:[22m[39m [90m{ response: { data: null, errors: [ { message: 'Fall├│ el registro del pago 
(transacci├│n revertida): para el par├ímetro $1 se dedujeron tipos de dato inconsistentes', locations: [ { line: 3, 
column: 5 } ], path: [ 'recordPartialPayment' ], extensions: { code: 'INTERNAL_SERVER_ERROR', stacktrace: [ 'Error: Fall├│ 
el registro del pago (transacci├│n revertida): para el par├ímetro $1 se dedujeron tipos de dato inconsistentes', '    at 
BillingDatabase.recordPartialPayment (file:///C:/Users/Raulacate/Desktop/Proyectos%20programacion/Dentiagest/selene/dist/sr
c/core/database/BillingDatabase.js:358:19)', '    at processTicksAndRejections (node:internal/process/task_queues:105:5)', 
'    at Object.recordPartialPayment (file:///C:/Users/Raulacate/Desktop/Proyectos%20programacion/Dentiagest/selene/dist/src
/graphql/resolvers/Mutation/billing.js:342:48)' ] } } ], extensions: undefined, status: 200, headers: { constructor: 
'Function<Headers>', append: 'Function<append>', delete: 'Function<delete>', get: 'Function<get>', has: 'Function<has>', 
set: 'Function<set>', getSetCookie: 'Function<getSetCookie>', keys: 'Function<keys>', values: 'Function<values>', entries: 
'Function<entries>', forEach: 'Function<forEach>' } }, request: { query: '\n  mutation RecordPartialPayment($input: 
RecordPartialPaymentInput!) {\n    recordPartialPayment(input: $input) {\n      id\n      invoiceId\n      patientId\n     
 paymentPlanId\n      amount\n      currency\n      methodType\n      status\n      veritasSignature\n      processedAt\n  
    createdAt\n      updatedAt\n    }\n  }\n', variables: { input: { invoiceId: '2ea3be48-3982-4042-adeb-e4a3c3c17c0f', 
patientId: '4a5483bf-3f7b-42a6-a6ba-e2f04fbc86a0', amount: 500, currency: 'EUR', methodType: 'cash', transactionId: 
'TEST-TXN-1763008373444' } } } }[39m
[31m[2mÔÄ»ÔÄ»ÔÄ»ÔÄ»ÔÄ»ÔÄ»ÔÄ»ÔÄ»ÔÄ»ÔÄ»ÔÄ»ÔÄ»ÔÄ»ÔÄ»ÔÄ»ÔÄ»ÔÄ»ÔÄ»ÔÄ»ÔÄ»ÔÄ»ÔÄ»ÔÄ»ÔÄ»[1/3]ÔÄ»[22m[39m


[31mÔÄ»ÔÄ»ÔÄ»ÔÄ»ÔÄ»ÔÄ»ÔÄ»[39m[1m[41m Failed Tests 2 [49m[22m[31mÔÄ»ÔÄ»ÔÄ»ÔÄ»ÔÄ»ÔÄ»ÔÄ»[39m

[41m[1m FAIL [22m[49m tests/billing.integration.test.ts[2m > [22mƒÆ│ PART 2: Four-Gate Pattern E2E - 
createPaymentPlan[2m > [22mTEST 2: createPaymentPlan - Gate 3 (payment_plans) + Gate 4 (audit log)
[31m[1mError[22m: AuditDatabase not initialized in context: 
{"response":{"data":null,"errors":[{"message":"AuditDatabase not initialized in context","locations":[{"line":3,"column":5}
],"path":["auditTrail"],"extensions":{"code":"INTERNAL_SERVER_ERROR","stacktrace":["Error: AuditDatabase not initialized 
in context","    at Object.auditTrail (file:///C:/Users/Raulacate/Desktop/Proyectos%20programacion/Dentiagest/selene/dist/s
rc/graphql/resolvers/Query/audit.js:54:23)","    at field.resolve (file:///C:/Users/Raulacate/Desktop/Proyectos%20programac
ion/Dentiagest/selene/node_modules/@apollo/server/dist/esm/utils/schemaInstrumentation.js:36:28)","    at executeField 
(C:\\Users\\Raulacate\\Desktop\\Proyectos 
programacion\\Dentiagest\\selene\\node_modules\\graphql\\execution\\execute.js:500:20)","    at executeFields 
(C:\\Users\\Raulacate\\Desktop\\Proyectos 
programacion\\Dentiagest\\selene\\node_modules\\graphql\\execution\\execute.js:422:22)","    at executeOperation 
(C:\\Users\\Raulacate\\Desktop\\Proyectos 
programacion\\Dentiagest\\selene\\node_modules\\graphql\\execution\\execute.js:352:14)","    at execute 
(C:\\Users\\Raulacate\\Desktop\\Proyectos 
programacion\\Dentiagest\\selene\\node_modules\\graphql\\execution\\execute.js:136:20)","    at executeIncrementally (file:
///C:/Users/Raulacate/Desktop/Proyectos%20programacion/Dentiagest/selene/node_modules/@apollo/server/dist/esm/incrementalDe
liveryPolyfill.js:22:12)","    at processTicksAndRejections (node:internal/process/task_queues:105:5)","    at execute (fil
e:///C:/Users/Raulacate/Desktop/Proyectos%20programacion/Dentiagest/selene/node_modules/@apollo/server/dist/esm/requestPipe
line.js:232:37)","    at processGraphQLRequest (file:///C:/Users/Raulacate/Desktop/Proyectos%20programacion/Dentiagest/sele
ne/node_modules/@apollo/server/dist/esm/requestPipeline.js:161:32)"]}}],"status":200,"headers":{}},"request":{"query":"\n  
query GetAuditTrail($entityType: String!, $entityId: String!, $limit: Int) {\n    auditTrail(entityType: $entityType, 
entityId: $entityId, limit: $limit) {\n      entityType\n      entityId\n      firstMutation {\n        id\n        
operation\n        timestamp\n      }\n      lastMutation {\n        id\n        operation\n        timestamp\n      }\n   
   history {\n        id\n        entityType\n        entityId\n        operation\n        userId\n        oldValues\n     
   newValues\n        timestamp\n      }\n    }\n  
}\n","variables":{"entityType":"PaymentPlanV3","entityId":"0924ff8c-a55e-4d68-b904-24b3aca5f89c","limit":100}}}[39m
[90m [2mÔØ»[22m runRequest ../../../Proyectos%20programacion/Dentiagest/frontend/node_modules/graphql-request/build/lega
cy/helpers/runRequest.js:[2m58:16[22m[39m
[90m [2mÔØ»[22m GraphQLClient.request ../../../Proyectos%20programacion/Dentiagest/frontend/node_modules/graphql-request
/build/legacy/classes/GraphQLClient.js:[2m66:26[22m[39m
[36m [2mÔØ»[22m queryDatabase tests/billing.integration.test.ts:[2m308:12[22m[39m
    [90m306| [39m[35masync[39m [35mfunction[39m [34mqueryDatabase[39m(query[33m:[39m string[33m,[39m 
variables[33m?[39m[33m:[39m any) {
    [90m307| [39m  [35mtry[39m {
    [90m308| [39m    [35mreturn[39m [35mawait[39m client[33m.[39m[34mrequest[39m(query[33m,[39m 
variables)[33m;[39m
    [90m   | [39m           [31m^[39m
    [90m309| [39m  } [35mcatch[39m (error) {
    [90m310| [39m    console[33m.[39m[34merror[39m([32m'GraphQL Query Error:'[39m[33m,[39m error)[33m;[39m
[90m [2mÔØ»[22m verifyAuditLog tests/billing.integration.test.ts:[2m327:25[22m[39m
[90m [2mÔØ»[22m tests/billing.integration.test.ts:[2m491:28[22m[39m

[31m[2mÔÄ»ÔÄ»ÔÄ»ÔÄ»ÔÄ»ÔÄ»ÔÄ»ÔÄ»ÔÄ»ÔÄ»ÔÄ»ÔÄ»ÔÄ»ÔÄ»ÔÄ»ÔÄ»ÔÄ»ÔÄ»ÔÄ»ÔÄ»ÔÄ»ÔÄ»ÔÄ»ÔÄ»ÔÄ»ÔÄ»ÔÄ»ÔÄ»ÔÄ»ÔÄ»[22m[39m
[31m[1mSerialized Error:[22m[39m [90m{ response: { data: null, errors: [ { message: 'AuditDatabase not initialized in 
context', locations: [ { line: 3, column: 5 } ], path: [ 'auditTrail' ], extensions: { code: 'INTERNAL_SERVER_ERROR', 
stacktrace: [ 'Error: AuditDatabase not initialized in context', '    at Object.auditTrail (file:///C:/Users/Raulacate/Desk
top/Proyectos%20programacion/Dentiagest/selene/dist/src/graphql/resolvers/Query/audit.js:54:23)', '    at field.resolve (fi
le:///C:/Users/Raulacate/Desktop/Proyectos%20programacion/Dentiagest/selene/node_modules/@apollo/server/dist/esm/utils/sche
maInstrumentation.js:36:28)', '    at executeField (C:\Users\Raulacate\Desktop\Proyectos 
programacion\Dentiagest\selene\node_modules\graphql\execution\execute.js:500:20)', '    at executeFields 
(C:\Users\Raulacate\Desktop\Proyectos programacion\Dentiagest\selene\node_modules\graphql\execution\execute.js:422:22)', ' 
   at executeOperation (C:\Users\Raulacate\Desktop\Proyectos 
programacion\Dentiagest\selene\node_modules\graphql\execution\execute.js:352:14)', '    at execute 
(C:\Users\Raulacate\Desktop\Proyectos programacion\Dentiagest\selene\node_modules\graphql\execution\execute.js:136:20)', ' 
   at executeIncrementally (file:///C:/Users/Raulacate/Desktop/Proyectos%20programacion/Dentiagest/selene/node_modules/@apo
llo/server/dist/esm/incrementalDeliveryPolyfill.js:22:12)', '    at processTicksAndRejections 
(node:internal/process/task_queues:105:5)', '    at execute (file:///C:/Users/Raulacate/Desktop/Proyectos%20programacion/De
ntiagest/selene/node_modules/@apollo/server/dist/esm/requestPipeline.js:232:37)', '    at processGraphQLRequest (file:///C:
/Users/Raulacate/Desktop/Proyectos%20programacion/Dentiagest/selene/node_modules/@apollo/server/dist/esm/requestPipeline.js
:161:32)' ] } } ], extensions: undefined, status: 200, headers: { constructor: 'Function<Headers>', append: 
'Function<append>', delete: 'Function<delete>', get: 'Function<get>', has: 'Function<has>', set: 'Function<set>', 
getSetCookie: 'Function<getSetCookie>', keys: 'Function<keys>', values: 'Function<values>', entries: 'Function<entries>', 
forEach: 'Function<forEach>' } }, request: { query: '\n  query GetAuditTrail($entityType: String!, $entityId: String!, 
$limit: Int) {\n    auditTrail(entityType: $entityType, entityId: $entityId, limit: $limit) {\n      entityType\n      
entityId\n      firstMutation {\n        id\n        operation\n        timestamp\n      }\n      lastMutation {\n        
id\n        operation\n        timestamp\n      }\n      history {\n        id\n        entityType\n        entityId\n     
   operation\n        userId\n        oldValues\n        newValues\n        timestamp\n      }\n    }\n  }\n', variables: 
{ entityType: 'PaymentPlanV3', entityId: '0924ff8c-a55e-4d68-b904-24b3aca5f89c', limit: 100 } } }[39m
[31m[2mÔÄ»ÔÄ»ÔÄ»ÔÄ»ÔÄ»ÔÄ»ÔÄ»ÔÄ»ÔÄ»ÔÄ»ÔÄ»ÔÄ»ÔÄ»ÔÄ»ÔÄ»ÔÄ»ÔÄ»ÔÄ»ÔÄ»ÔÄ»ÔÄ»ÔÄ»ÔÄ»ÔÄ»[2/3]ÔÄ»[22m[39m

[41m[1m FAIL [22m[49m tests/billing.integration.test.ts[2m > [22mƒÆ░ PART 2: Four-Gate Pattern E2E - 
recordPartialPayment[2m > [22mTEST 3: recordPartialPayment - Atomic Transaction + Double Audit
[31m[1mError[22m: Fall├│ el registro del pago (transacci├│n revertida): para el par├ímetro $1 se dedujeron tipos de 
dato inconsistentes: {"response":{"data":null,"errors":[{"message":"Fall├│ el registro del pago (transacci├│n revertida): 
para el par├ímetro $1 se dedujeron tipos de dato inconsistentes","locations":[{"line":3,"column":5}],"path":["recordPartial
Payment"],"extensions":{"code":"INTERNAL_SERVER_ERROR","stacktrace":["Error: Fall├│ el registro del pago (transacci├│n 
revertida): para el par├ímetro $1 se dedujeron tipos de dato inconsistentes","    at BillingDatabase.recordPartialPayment (
file:///C:/Users/Raulacate/Desktop/Proyectos%20programacion/Dentiagest/selene/dist/src/core/database/BillingDatabase.js:358
:19)","    at processTicksAndRejections (node:internal/process/task_queues:105:5)","    at Object.recordPartialPayment (fil
e:///C:/Users/Raulacate/Desktop/Proyectos%20programacion/Dentiagest/selene/dist/src/graphql/resolvers/Mutation/billing.js:3
42:48)"]}}],"status":200,"headers":{}},"request":{"query":"\n  mutation RecordPartialPayment($input: 
RecordPartialPaymentInput!) {\n    recordPartialPayment(input: $input) {\n      id\n      invoiceId\n      patientId\n     
 paymentPlanId\n      amount\n      currency\n      methodType\n      status\n      veritasSignature\n      processedAt\n  
    createdAt\n      updatedAt\n    }\n  }\n","variables":{"input":{"invoiceId":"1c9ede1b-0450-4878-879a-8b44253dba64","pat
ientId":"d28bacd8-384a-4390-8f0b-7e8f9df4c476","amount":400,"currency":"EUR","methodType":"card","transactionId":"TEST-TXN-
1763008373415"}}}}[39m
[90m [2mÔØ»[22m runRequest ../../../Proyectos%20programacion/Dentiagest/frontend/node_modules/graphql-request/build/lega
cy/helpers/runRequest.js:[2m58:16[22m[39m
[90m [2mÔØ»[22m GraphQLClient.request ../../../Proyectos%20programacion/Dentiagest/frontend/node_modules/graphql-request
/build/legacy/classes/GraphQLClient.js:[2m66:26[22m[39m
[36m [2mÔØ»[22m queryDatabase tests/billing.integration.test.ts:[2m308:12[22m[39m
    [90m306| [39m[35masync[39m [35mfunction[39m [34mqueryDatabase[39m(query[33m:[39m string[33m,[39m 
variables[33m?[39m[33m:[39m any) {
    [90m307| [39m  [35mtry[39m {
    [90m308| [39m    [35mreturn[39m [35mawait[39m client[33m.[39m[34mrequest[39m(query[33m,[39m 
variables)[33m;[39m
    [90m   | [39m           [31m^[39m
    [90m309| [39m  } [35mcatch[39m (error) {
    [90m310| [39m    console[33m.[39m[34merror[39m([32m'GraphQL Query Error:'[39m[33m,[39m error)[33m;[39m
[90m [2mÔØ»[22m tests/billing.integration.test.ts:[2m540:25[22m[39m

[31m[2mÔÄ»ÔÄ»ÔÄ»ÔÄ»ÔÄ»ÔÄ»ÔÄ»ÔÄ»ÔÄ»ÔÄ»ÔÄ»ÔÄ»ÔÄ»ÔÄ»ÔÄ»ÔÄ»ÔÄ»ÔÄ»ÔÄ»ÔÄ»ÔÄ»ÔÄ»ÔÄ»ÔÄ»ÔÄ»ÔÄ»ÔÄ»ÔÄ»ÔÄ»ÔÄ»[22m[39m
[31m[1mSerialized Error:[22m[39m [90m{ response: { data: null, errors: [ { message: 'Fall├│ el registro del pago 
(transacci├│n revertida): para el par├ímetro $1 se dedujeron tipos de dato inconsistentes', locations: [ { line: 3, 
column: 5 } ], path: [ 'recordPartialPayment' ], extensions: { code: 'INTERNAL_SERVER_ERROR', stacktrace: [ 'Error: Fall├│ 
el registro del pago (transacci├│n revertida): para el par├ímetro $1 se dedujeron tipos de dato inconsistentes', '    at 
BillingDatabase.recordPartialPayment (file:///C:/Users/Raulacate/Desktop/Proyectos%20programacion/Dentiagest/selene/dist/sr
c/core/database/BillingDatabase.js:358:19)', '    at processTicksAndRejections (node:internal/process/task_queues:105:5)', 
'    at Object.recordPartialPayment (file:///C:/Users/Raulacate/Desktop/Proyectos%20programacion/Dentiagest/selene/dist/src
/graphql/resolvers/Mutation/billing.js:342:48)' ] } } ], extensions: undefined, status: 200, headers: { constructor: 
'Function<Headers>', append: 'Function<append>', delete: 'Function<delete>', get: 'Function<get>', has: 'Function<has>', 
set: 'Function<set>', getSetCookie: 'Function<getSetCookie>', keys: 'Function<keys>', values: 'Function<values>', entries: 
'Function<entries>', forEach: 'Function<forEach>' } }, request: { query: '\n  mutation RecordPartialPayment($input: 
RecordPartialPaymentInput!) {\n    recordPartialPayment(input: $input) {\n      id\n      invoiceId\n      patientId\n     
 paymentPlanId\n      amount\n      currency\n      methodType\n      status\n      veritasSignature\n      processedAt\n  
    createdAt\n      updatedAt\n    }\n  }\n', variables: { input: { invoiceId: '1c9ede1b-0450-4878-879a-8b44253dba64', 
patientId: 'd28bacd8-384a-4390-8f0b-7e8f9df4c476', amount: 400, currency: 'EUR', methodType: 'card', transactionId: 
'TEST-TXN-1763008373415' } } } }[39m
[31m[2mÔÄ»ÔÄ»ÔÄ»ÔÄ»ÔÄ»ÔÄ»ÔÄ»ÔÄ»ÔÄ»ÔÄ»ÔÄ»ÔÄ»ÔÄ»ÔÄ»ÔÄ»ÔÄ»ÔÄ»ÔÄ»ÔÄ»ÔÄ»ÔÄ»ÔÄ»ÔÄ»ÔÄ»[3/3]ÔÄ»[22m[39m


[2m Test Files [22m [1m[31m1 failed[39m[22m[90m (1)[39m
[2m      Tests [22m [1m[31m2 failed[39m[22m[2m | [22m[1m[32m1 passed[39m[22m[2m | [22m[33m1 skipped[39m[90m (4)[39m
[2m   Start at [22m 01:32:50
[2m   Duration [22m 2.61s[2m (transform 71ms, setup 247ms, collect 129ms, tests 1.28s, environment 731ms, prepare 17ms)[22m

